[2025-10-26 10:04:03.722] [INFO] === Perfect World Auth Server Starting ===
[2025-10-26 10:04:03.722] [INFO] Auth server configuration loaded - Port: 29200, MySQL: Ð<*]:3306
[2025-10-26 10:04:03.725] [CRITICAL] Failed to initialize connection pool
[2025-10-26 10:04:03.726] [CRITICAL] Server initialization failed
[2025-10-26 10:09:34.227] [INFO] === Perfect World Auth Server Starting ===
[2025-10-26 10:09:34.227] [INFO] Auth server configuration loaded - Port: 29200, MySQL: 127.0.0.1:3306
[2025-10-26 10:09:34.238] [INFO] Connection pool initialized successfully
[2025-10-26 10:09:34.239] [INFO] Thread pool initialized successfully
[2025-10-26 10:09:34.239] [INFO] Rate limiter initialized successfully
[2025-10-26 10:09:34.239] [INFO] Server configuration: Host=127.0.0.1, Port=29200, Debug=0
[2025-10-26 10:09:34.239] [INFO] Server listening on port 29200 with backlog 1024
[2025-10-26 10:09:53.323] [ERROR] Error accepting connection
[2025-10-26 10:10:05.355] [ERROR] Error accepting connection
[2025-10-26 10:10:17.387] [ERROR] Error accepting connection
[2025-10-26 10:10:24.847] [INFO] MatrixPasswd: account=alien, ip=1.0.0.127
[2025-10-26 10:10:24.847] [WARNING] MatrixPasswd FAILED: account=alien not found
[2025-10-26 10:10:29.419] [ERROR] Error accepting connection
[2025-10-26 10:10:34.239] [INFO] === Server Metrics Report ===
Uptime: 51 seconds
Connections:
  - Total: 4
  - Active: 1
Requests:
  - Total: 5
  - Failed: 0
  - Per Second: 0.10
Data Transfer:
  - Received: 0.00 MB
  - Sent: 0.00 MB
Latency:
  - Average: 3986.82 ms
  - Min: 0.02 ms
  - Max: 10663.51 ms
============================

[2025-10-26 10:10:34.239] [INFO] MySQL Pool - Total: 10, Active: 0, Idle: 10
[2025-10-26 10:10:41.637] [INFO] MatrixPasswd: account=alien, ip=1.0.0.127
[2025-10-26 10:10:41.637] [WARNING] MatrixPasswd FAILED: account=alien not found
[2025-10-26 10:10:47.339] [ERROR] Error accepting connection
[2025-10-26 10:11:03.467] [ERROR] Error accepting connection
[2025-10-26 10:11:15.243] [ERROR] Error accepting connection
[2025-10-26 10:11:27.275] [ERROR] Error accepting connection
[2025-10-26 10:11:34.239] [INFO] === Server Metrics Report ===
Uptime: 111 seconds
Connections:
  - Total: 9
  - Active: 1
Requests:
  - Total: 11
  - Failed: 0
  - Per Second: 0.10
Data Transfer:
  - Received: 0.00 MB
  - Sent: 0.00 MB
Latency:
  - Average: 4946.34 ms
  - Min: 0.02 ms
  - Max: 15815.50 ms
============================

[2025-10-26 10:11:34.240] [INFO] MySQL Pool - Total: 10, Active: 0, Idle: 10
[2025-10-26 10:11:39.307] [ERROR] Error accepting connection
[2025-10-26 10:11:51.343] [ERROR] Error accepting connection
[2025-10-26 10:12:03.371] [ERROR] Error accepting connection
[2025-10-26 10:12:15.403] [ERROR] Error accepting connection
[2025-10-26 10:12:27.435] [ERROR] Error accepting connection
[2025-10-26 10:12:34.240] [INFO] === Server Metrics Report ===
Uptime: 171 seconds
Connections:
  - Total: 14
  - Active: 1
Requests:
  - Total: 16
  - Failed: 0
  - Per Second: 0.09
Data Transfer:
  - Received: 0.00 MB
  - Sent: 0.00 MB
Latency:
  - Average: 5076.63 ms
  - Min: 0.02 ms
  - Max: 15815.50 ms
============================

[2025-10-26 10:12:34.240] [INFO] MySQL Pool - Total: 10, Active: 0, Idle: 10
[2025-10-26 10:12:39.467] [ERROR] Error accepting connection
[2025-10-26 10:12:51.243] [ERROR] Error accepting connection
[2025-10-26 10:13:03.275] [ERROR] Error accepting connection
[2025-10-26 10:13:15.307] [ERROR] Error accepting connection
[2025-10-26 10:13:37.114] [INFO] === Perfect World Auth Server Starting ===
[2025-10-26 10:13:37.114] [INFO] Auth server configuration loaded - Port: 29200, MySQL: 127.0.0.1:3306
[2025-10-26 10:13:37.120] [INFO] Connection pool initialized successfully
[2025-10-26 10:13:37.121] [INFO] Thread pool initialized successfully
[2025-10-26 10:13:37.121] [INFO] Rate limiter initialized successfully
[2025-10-26 10:13:37.121] [INFO] Server configuration: Host=127.0.0.1, Port=29200, Debug=0
[2025-10-26 10:13:37.121] [INFO] Starting server main loop...
[2025-10-26 10:13:37.121] [INFO] Server listening on port 29200 with backlog 1024
[2025-10-26 10:13:56.267] [ERROR] Error accepting connection
[2025-10-26 10:14:08.303] [ERROR] Error accepting connection
[2025-10-26 10:14:20.331] [ERROR] Error accepting connection
[2025-10-26 10:14:32.363] [ERROR] Error accepting connection
[2025-10-26 10:14:37.122] [INFO] === Server Metrics Report ===
Uptime: 50 seconds
Connections:
  - Total: 5
  - Active: 1
Requests:
  - Total: 5
  - Failed: 0
  - Per Second: 0.10
Data Transfer:
  - Received: 0.00 MB
  - Sent: 0.00 MB
Latency:
  - Average: 4757.94 ms
  - Min: 0.02 ms
  - Max: 10756.43 ms
============================

[2025-10-26 10:14:37.122] [INFO] MySQL Pool - Total: 10, Active: 0, Idle: 10
[2025-10-26 10:14:44.139] [ERROR] Error accepting connection
[2025-10-26 10:14:48.068] [INFO] MatrixPasswd: account=alien, ip=1.0.0.127
[2025-10-26 10:14:48.068] [WARNING] MatrixPasswd FAILED: account=alien not found
[2025-10-26 10:14:56.171] [ERROR] Error accepting connection
[2025-10-26 10:15:10.251] [ERROR] Error accepting connection
[2025-10-26 10:15:22.283] [ERROR] Error accepting connection
[2025-10-26 10:15:34.315] [ERROR] Error accepting connection
[2025-10-26 10:15:37.122] [INFO] === Server Metrics Report ===
Uptime: 110 seconds
Connections:
  - Total: 10
  - Active: 1
Requests:
  - Total: 11
  - Failed: 0
  - Per Second: 0.10
Data Transfer:
  - Received: 0.00 MB
  - Sent: 0.00 MB
Latency:
  - Average: 4851.61 ms
  - Min: 0.02 ms
  - Max: 12095.84 ms
============================

[2025-10-26 10:15:37.122] [INFO] MySQL Pool - Total: 10, Active: 0, Idle: 10
[2025-10-26 10:15:46.347] [ERROR] Error accepting connection
[2025-10-26 10:15:58.123] [ERROR] Error accepting connection
[2025-10-26 10:16:10.155] [ERROR] Error accepting connection
[2025-10-26 10:16:22.187] [ERROR] Error accepting connection
[2025-10-26 10:16:34.219] [ERROR] Error accepting connection
[2025-10-26 10:16:37.122] [INFO] === Server Metrics Report ===
Uptime: 170 seconds
Connections:
  - Total: 15
  - Active: 1
Requests:
  - Total: 16
  - Failed: 0
  - Per Second: 0.09
Data Transfer:
  - Received: 0.00 MB
  - Sent: 0.00 MB
Latency:
  - Average: 4985.97 ms
  - Min: 0.02 ms
  - Max: 12095.84 ms
============================

[2025-10-26 10:16:37.122] [INFO] MySQL Pool - Total: 10, Active: 0, Idle: 10
[2025-10-26 10:16:46.255] [ERROR] Error accepting connection
[2025-10-26 10:16:58.283] [ERROR] Error accepting connection
[2025-10-26 10:17:10.059] [ERROR] Error accepting connection
[2025-10-26 10:17:22.347] [ERROR] Error accepting connection
[2025-10-26 10:17:34.123] [ERROR] Error accepting connection
[2025-10-26 10:17:37.123] [INFO] === Server Metrics Report ===
Uptime: 230 seconds
Connections:
  - Total: 20
  - Active: 1
Requests:
  - Total: 21
  - Failed: 0
  - Per Second: 0.09
Data Transfer:
  - Received: 0.00 MB
  - Sent: 0.00 MB
Latency:
  - Average: 5060.45 ms
  - Min: 0.02 ms
  - Max: 12095.84 ms
============================

[2025-10-26 10:17:37.123] [INFO] MySQL Pool - Total: 10, Active: 0, Idle: 10
[2025-10-26 10:17:46.155] [ERROR] Error accepting connection
[2025-10-26 10:17:58.187] [ERROR] Error accepting connection
[2025-10-26 10:18:10.219] [ERROR] Error accepting connection
[2025-10-26 10:18:22.251] [ERROR] Error accepting connection
[2025-10-26 10:18:34.283] [ERROR] Error accepting connection
[2025-10-26 10:18:37.123] [INFO] === Server Metrics Report ===
Uptime: 291 seconds
Connections:
  - Total: 25
  - Active: 1
Requests:
  - Total: 26
  - Failed: 0
  - Per Second: 0.09
Data Transfer:
  - Received: 0.00 MB
  - Sent: 0.00 MB
Latency:
  - Average: 5100.65 ms
  - Min: 0.02 ms
  - Max: 12095.84 ms
============================

[2025-10-26 10:18:37.123] [INFO] MySQL Pool - Total: 10, Active: 0, Idle: 10
[2025-10-26 10:18:46.315] [ERROR] Error accepting connection
[2025-10-26 10:18:58.347] [ERROR] Error accepting connection
[2025-10-26 10:19:10.123] [ERROR] Error accepting connection
[2025-10-26 10:19:22.155] [ERROR] Error accepting connection
[2025-10-26 10:19:34.187] [ERROR] Error accepting connection
[2025-10-26 10:19:37.123] [INFO] === Server Metrics Report ===
Uptime: 351 seconds
Connections:
  - Total: 30
  - Active: 1
Requests:
  - Total: 31
  - Failed: 0
  - Per Second: 0.09
Data Transfer:
  - Received: 0.00 MB
  - Sent: 0.00 MB
Latency:
  - Average: 5127.93 ms
  - Min: 0.02 ms
  - Max: 12095.84 ms
============================

[2025-10-26 10:19:37.123] [INFO] MySQL Pool - Total: 10, Active: 0, Idle: 10
[2025-10-26 10:19:46.219] [ERROR] Error accepting connection
[2025-10-26 10:19:58.251] [ERROR] Error accepting connection
[2025-10-26 10:20:10.287] [ERROR] Error accepting connection
[2025-10-26 10:20:27.745] [INFO] === Perfect World Auth Server Starting ===
[2025-10-26 10:20:27.745] [INFO] Auth server configuration loaded - Port: 29200, MySQL: 127.0.0.1:3306
[2025-10-26 10:20:27.751] [INFO] Connection pool initialized successfully
[2025-10-26 10:20:27.752] [INFO] Thread pool initialized successfully
[2025-10-26 10:20:27.752] [INFO] Rate limiter initialized successfully
[2025-10-26 10:20:27.752] [INFO] Server configuration: Host=127.0.0.1, Port=29200, Debug=0
[2025-10-26 10:20:27.752] [INFO] Starting server main loop...
[2025-10-26 10:20:27.752] [INFO] Server listening on port 29200 with backlog 1024
[2025-10-26 10:20:46.891] [ERROR] Error accepting connection: Resource temporarily unavailable (errno=11)
[2025-10-26 10:27:08.070] [INFO] === Perfect World Auth Server Starting ===
[2025-10-26 10:27:08.071] [INFO] Auth server configuration loaded - Port: 29200, MySQL: 127.0.0.1:3306
[2025-10-26 10:27:08.081] [INFO] Connection pool initialized successfully
[2025-10-26 10:27:08.082] [INFO] Thread pool initialized successfully
[2025-10-26 10:27:08.082] [INFO] Rate limiter initialized successfully
[2025-10-26 10:27:08.082] [INFO] Server configuration: Host=127.0.0.1, Port=29200, Debug=0
[2025-10-26 10:27:08.082] [INFO] Starting server main loop...
[2025-10-26 10:27:08.082] [INFO] Server listening on port 29200 with backlog 1024
[2025-10-26 10:27:48.291] [INFO] MatrixPasswd: account=alien, ip=1.0.0.127
[2025-10-26 10:27:48.291] [WARNING] MatrixPasswd FAILED: account=alien not found
[2025-10-26 10:28:08.083] [INFO] === Server Metrics Report ===
Uptime: 50 seconds
Connections:
  - Total: 1
  - Active: 1
Requests:
  - Total: 2
  - Failed: 0
  - Per Second: 0.04
Data Transfer:
  - Received: 0.00 MB
  - Sent: 0.00 MB
Latency:
  - Average: 0.11 ms
  - Min: 0.03 ms
  - Max: 0.19 ms
============================

[2025-10-26 10:28:08.083] [INFO] MySQL Pool - Total: 10, Active: 0, Idle: 10
[2025-10-26 10:33:21.413] [INFO] === Perfect World Auth Server Starting ===
[2025-10-26 10:33:21.413] [INFO] Auth server configuration loaded - Port: 29200, MySQL: 127.0.0.1:3306
[2025-10-26 10:33:21.423] [INFO] Connection pool initialized successfully
[2025-10-26 10:33:21.425] [INFO] Thread pool initialized successfully
[2025-10-26 10:33:21.425] [INFO] Rate limiter initialized successfully
[2025-10-26 10:33:21.425] [INFO] Server configuration: Host=127.0.0.1, Port=29200, Debug=0
[2025-10-26 10:33:21.425] [INFO] Starting server main loop...
[2025-10-26 10:33:21.425] [INFO] Server listening on port 29200 with backlog 1024
[2025-10-26 10:33:54.240] [INFO] MatrixPasswd: account=alien, ip=1.0.0.127
[2025-10-26 10:33:54.264] [INFO] MatrixPasswd SUCCESS: account=alien, userid=1024
[2025-10-26 10:33:54.267] [INFO] UserLogin: userid=1024, ip=1.0.0.127, localsid=16, blkickuser=0
[2025-10-26 10:33:54.279] [WARNING] UserLogin: Server zid != zoneid || zonelocalsid != arg->localsid
[2025-10-26 10:33:54.282] [INFO] UserLogin SUCCESS: userid=1024, localsid=16, zone=-1
[2025-10-26 10:33:56.022] [INFO] UserLogout SUCCESS: userid=1024, localsid=16, zone=1
[2025-10-26 10:33:58.594] [INFO] MatrixPasswd: account=alien, ip=1.0.0.127
[2025-10-26 10:33:58.595] [INFO] MatrixPasswd SUCCESS: account=alien, userid=1024
[2025-10-26 10:33:58.597] [INFO] UserLogin: userid=1024, ip=1.0.0.127, localsid=17, blkickuser=0
[2025-10-26 10:33:58.604] [WARNING] UserLogin: Server zid != zoneid || zonelocalsid != arg->localsid
[2025-10-26 10:33:58.604] [INFO] UserLogin SUCCESS: userid=1024, localsid=17, zone=-1
[2025-10-26 10:33:59.421] [INFO] UserLogout SUCCESS: userid=1024, localsid=17, zone=1
[2025-10-26 10:34:01.194] [INFO] MatrixPasswd: account=alien, ip=1.0.0.127
[2025-10-26 10:34:01.195] [INFO] MatrixPasswd SUCCESS: account=alien, userid=1024
[2025-10-26 10:34:04.067] [INFO] MatrixPasswd: account=dasd, ip=1.0.0.127
[2025-10-26 10:40:18.734] [INFO] === Perfect World Auth Server Starting ===
[2025-10-26 10:40:18.735] [INFO] Auth server configuration loaded - Port: 29200, MySQL: 127.0.0.1:3306
[2025-10-26 10:40:18.745] [INFO] Connection pool initialized successfully
[2025-10-26 10:40:18.747] [INFO] Thread pool initialized successfully
[2025-10-26 10:40:18.747] [INFO] Rate limiter initialized successfully
[2025-10-26 10:40:18.747] [INFO] Server configuration: Host=127.0.0.1, Port=29200, Debug=0
[2025-10-26 10:40:18.747] [INFO] Starting server main loop...
[2025-10-26 10:40:18.747] [INFO] Server listening on port 29200 with backlog 1024
[2025-10-26 10:40:46.325] [INFO] MatrixPasswd: account=alien, ip=127.0.0.1
[2025-10-26 10:40:46.327] [INFO] MatrixPasswd SUCCESS: account=alien, userid=1024
[2025-10-26 10:40:49.117] [INFO] MatrixPasswd: account=alien, ip=127.0.0.1
[2025-10-26 10:40:49.118] [INFO] MatrixPasswd SUCCESS: account=alien, userid=1024
[2025-10-26 10:40:49.119] [INFO] UserLogin: userid=1024, ip=127.0.0.1, localsid=16, blkickuser=0
[2025-10-26 10:40:49.126] [WARNING] UserLogin: Server zid != zoneid || zonelocalsid != arg->localsid
[2025-10-26 10:40:49.126] [INFO] UserLogin SUCCESS: userid=1024, localsid=16, zone=-1
[2025-10-26 10:40:49.943] [INFO] UserLogout SUCCESS: userid=1024, localsid=16, zone=1
[2025-10-26 10:40:51.745] [INFO] MatrixPasswd: account=alien, ip=127.0.0.1
[2025-10-26 10:40:51.746] [INFO] MatrixPasswd SUCCESS: account=alien, userid=1024
[2025-10-26 10:40:54.973] [INFO] MatrixPasswd: account=aline, ip=127.0.0.1
[2025-10-26 10:41:12.234] [INFO] === Perfect World Auth Server Starting ===
[2025-10-26 10:41:12.234] [INFO] Auth server configuration loaded - Port: 29200, MySQL: 127.0.0.1:3306
[2025-10-26 10:41:12.239] [INFO] Connection pool initialized successfully
[2025-10-26 10:41:12.241] [INFO] Thread pool initialized successfully
[2025-10-26 10:41:12.241] [INFO] Rate limiter initialized successfully
[2025-10-26 10:41:12.241] [INFO] Server configuration: Host=127.0.0.1, Port=29200, Debug=0
[2025-10-26 10:41:12.241] [INFO] Starting server main loop...
[2025-10-26 10:41:12.241] [INFO] Server listening on port 29200 with backlog 1024
[2025-10-26 10:41:57.107] [INFO] MatrixPasswd: account=asdasd, ip=127.0.0.1
[2025-10-26 10:45:49.784] [INFO] === Perfect World Auth Server Starting ===
[2025-10-26 10:45:49.785] [INFO] Auth server configuration loaded - Port: 29200, MySQL: 127.0.0.1:3306
[2025-10-26 10:45:49.791] [INFO] Connection pool initialized successfully
[2025-10-26 10:45:49.793] [INFO] Thread pool initialized successfully
[2025-10-26 10:45:49.793] [INFO] Rate limiter initialized successfully
[2025-10-26 10:45:49.793] [INFO] Server configuration: Host=127.0.0.1, Port=29200, Debug=0
[2025-10-26 10:45:49.793] [INFO] Starting server main loop...
[2025-10-26 10:45:49.793] [INFO] Server listening on port 29200 with backlog 1024
[2025-10-26 10:46:16.520] [INFO] MatrixPasswd: account=asdasd, ip=127.0.0.1
[2025-10-26 10:48:42.975] [INFO] === Perfect World Auth Server Starting ===
[2025-10-26 10:48:42.975] [INFO] Auth server configuration loaded - Port: 29200, MySQL: 127.0.0.1:3306
[2025-10-26 10:48:42.981] [INFO] Connection pool initialized successfully
[2025-10-26 10:48:42.982] [INFO] Thread pool initialized successfully
[2025-10-26 10:48:42.982] [INFO] Rate limiter initialized successfully
[2025-10-26 10:48:42.982] [INFO] Server configuration: Host=127.0.0.1, Port=29200, Debug=0
[2025-10-26 10:48:42.982] [INFO] Starting server main loop...
[2025-10-26 10:48:42.982] [INFO] Server listening on port 29200 with backlog 1024
[2025-10-26 10:49:07.241] [INFO] MatrixPasswd: account=adasdsa, ip=127.0.0.1
[2025-10-26 10:49:07.242] [WARNING] MatrixPasswd FAILED: account=adasdsa not found
[2025-10-26 10:49:10.080] [INFO] MatrixPasswd: account=asdasd, ip=127.0.0.1
[2025-10-26 10:49:10.081] [WARNING] MatrixPasswd FAILED: account=asdasd not found
[2025-10-26 10:49:12.019] [INFO] MatrixPasswd: account=asdasd, ip=127.0.0.1
[2025-10-26 10:49:12.020] [WARNING] MatrixPasswd FAILED: account=asdasd not found
[2025-10-26 10:49:13.961] [INFO] MatrixPasswd: account=gdfgd, ip=127.0.0.1
[2025-10-26 10:49:13.962] [WARNING] MatrixPasswd FAILED: account=gdfgd not found
[2025-10-26 10:49:18.028] [INFO] MatrixPasswd: account=kkkkk, ip=127.0.0.1
[2025-10-26 10:49:18.029] [WARNING] MatrixPasswd FAILED: account=kkkkk not found
[2025-10-26 10:49:20.735] [INFO] MatrixPasswd: account=alien, ip=127.0.0.1
[2025-10-26 10:49:20.736] [INFO] MatrixPasswd SUCCESS: account=alien, userid=1024
[2025-10-26 10:49:20.737] [INFO] UserLogin: userid=1024, ip=127.0.0.1, localsid=20, blkickuser=0
[2025-10-26 10:49:20.744] [WARNING] UserLogin: Server zid != zoneid || zonelocalsid != arg->localsid
[2025-10-26 10:49:20.744] [INFO] UserLogin SUCCESS: userid=1024, localsid=20, zone=-1
[2025-10-26 10:49:21.582] [INFO] UserLogout SUCCESS: userid=1024, localsid=20, zone=1
[2025-10-26 10:49:23.010] [INFO] MatrixPasswd: account=adsasd, ip=127.0.0.1
[2025-10-26 10:49:23.011] [WARNING] MatrixPasswd FAILED: account=adsasd not found
